====================================================
COMPUTER PULSE - HARDWARE & NETWORK LOG
====================================================
Timestamp : 2026-10-03 18:31:59
Active Processes : 226 running processes
CPU Utilization : 7% load
----------------------------------------------------
Top 3 Memory-Consuming Processes:

Name               RAM_MB
----               ------
Memory Compression 409.38
ProtonVPN.Client   372.95
explorer           290.91


----------------------------------------------------
Disk Storage Breakdown:

DeviceID FreeGB TotalGB
-------- ------ -------
C:       145.75  228.99
D:       246.19  246.29


----------------------------------------------------
Network Diagnostics:
Active IPv4 Address: 10.11.2.105
Internet Latency : 279 ms (Target: 8.8.8.8)
====================================================
